// Jest Snapshot v1, https://goo.gl/fbAQLP

exports[`renders without crashing 1`] = `
ShallowWrapper {
  "length": 1,
  Symbol(enzyme.__root__): [Circular],
  Symbol(enzyme.__unrendered__): <App />,
  Symbol(enzyme.__renderer__): Object {
    "batchedUpdates": [Function],
    "getNode": [Function],
    "render": [Function],
    "simulateEvent": [Function],
    "unmount": [Function],
  },
  Symbol(enzyme.__node__): Object {
    "instance": null,
    "key": undefined,
    "nodeType": "host",
    "props": Object {
      "children": Array [
        <Link
          replace={false}
          to="/"
>
          <Header
                    title="Catalogue"
          />
</Link>,
        <Provider
          store={
                    Object {
                              "dispatch": [Function],
                              "getState": [Function],
                              "replaceReducer": [Function],
                              "subscribe": [Function],
                              Symbol(observable): [Function],
                            }
          }
>
          <Route
                    component={[Function]}
                    exact={true}
                    path="/"
          />
</Provider>,
        <Provider
          store={
                    Object {
                              "dispatch": [Function],
                              "getState": [Function],
                              "replaceReducer": [Function],
                              "subscribe": [Function],
                              Symbol(observable): [Function],
                            }
          }
>
          <Route
                    component={[Function]}
                    path="/detail/:name"
          />
</Provider>,
      ],
      "className": "app",
    },
    "ref": null,
    "rendered": Array [
      Object {
        "instance": null,
        "key": undefined,
        "nodeType": "class",
        "props": Object {
          "children": <Header
            title="Catalogue"
/>,
          "replace": false,
          "to": "/",
        },
        "ref": null,
        "rendered": Object {
          "instance": null,
          "key": undefined,
          "nodeType": "function",
          "props": Object {
            "title": "Catalogue",
          },
          "ref": null,
          "rendered": null,
          "type": [Function],
        },
        "type": [Function],
      },
      Object {
        "instance": null,
        "key": undefined,
        "nodeType": "class",
        "props": Object {
          "children": <Route
            component={[Function]}
            exact={true}
            path="/"
/>,
          "store": Object {
            "dispatch": [Function],
            "getState": [Function],
            "replaceReducer": [Function],
            "subscribe": [Function],
            Symbol(observable): [Function],
          },
        },
        "ref": null,
        "rendered": Object {
          "instance": null,
          "key": undefined,
          "nodeType": "class",
          "props": Object {
            "component": [Function],
            "exact": true,
            "path": "/",
          },
          "ref": null,
          "rendered": null,
          "type": [Function],
        },
        "type": [Function],
      },
      Object {
        "instance": null,
        "key": undefined,
        "nodeType": "class",
        "props": Object {
          "children": <Route
            component={[Function]}
            path="/detail/:name"
/>,
          "store": Object {
            "dispatch": [Function],
            "getState": [Function],
            "replaceReducer": [Function],
            "subscribe": [Function],
            Symbol(observable): [Function],
          },
        },
        "ref": null,
        "rendered": Object {
          "instance": null,
          "key": undefined,
          "nodeType": "class",
          "props": Object {
            "component": [Function],
            "path": "/detail/:name",
          },
          "ref": null,
          "rendered": null,
          "type": [Function],
        },
        "type": [Function],
      },
    ],
    "type": "div",
  },
  Symbol(enzyme.__nodes__): Array [
    Object {
      "instance": null,
      "key": undefined,
      "nodeType": "host",
      "props": Object {
        "children": Array [
          <Link
            replace={false}
            to="/"
>
            <Header
                        title="Catalogue"
            />
</Link>,
          <Provider
            store={
                        Object {
                                    "dispatch": [Function],
                                    "getState": [Function],
                                    "replaceReducer": [Function],
                                    "subscribe": [Function],
                                    Symbol(observable): [Function],
                                  }
            }
>
            <Route
                        component={[Function]}
                        exact={true}
                        path="/"
            />
</Provider>,
          <Provider
            store={
                        Object {
                                    "dispatch": [Function],
                                    "getState": [Function],
                                    "replaceReducer": [Function],
                                    "subscribe": [Function],
                                    Symbol(observable): [Function],
                                  }
            }
>
            <Route
                        component={[Function]}
                        path="/detail/:name"
            />
</Provider>,
        ],
        "className": "app",
      },
      "ref": null,
      "rendered": Array [
        Object {
          "instance": null,
          "key": undefined,
          "nodeType": "class",
          "props": Object {
            "children": <Header
              title="Catalogue"
/>,
            "replace": false,
            "to": "/",
          },
          "ref": null,
          "rendered": Object {
            "instance": null,
            "key": undefined,
            "nodeType": "function",
            "props": Object {
              "title": "Catalogue",
            },
            "ref": null,
            "rendered": null,
            "type": [Function],
          },
          "type": [Function],
        },
        Object {
          "instance": null,
          "key": undefined,
          "nodeType": "class",
          "props": Object {
            "children": <Route
              component={[Function]}
              exact={true}
              path="/"
/>,
            "store": Object {
              "dispatch": [Function],
              "getState": [Function],
              "replaceReducer": [Function],
              "subscribe": [Function],
              Symbol(observable): [Function],
            },
          },
          "ref": null,
          "rendered": Object {
            "instance": null,
            "key": undefined,
            "nodeType": "class",
            "props": Object {
              "component": [Function],
              "exact": true,
              "path": "/",
            },
            "ref": null,
            "rendered": null,
            "type": [Function],
          },
          "type": [Function],
        },
        Object {
          "instance": null,
          "key": undefined,
          "nodeType": "class",
          "props": Object {
            "children": <Route
              component={[Function]}
              path="/detail/:name"
/>,
            "store": Object {
              "dispatch": [Function],
              "getState": [Function],
              "replaceReducer": [Function],
              "subscribe": [Function],
              Symbol(observable): [Function],
            },
          },
          "ref": null,
          "rendered": Object {
            "instance": null,
            "key": undefined,
            "nodeType": "class",
            "props": Object {
              "component": [Function],
              "path": "/detail/:name",
            },
            "ref": null,
            "rendered": null,
            "type": [Function],
          },
          "type": [Function],
        },
      ],
      "type": "div",
    },
  ],
  Symbol(enzyme.__options__): Object {
    "adapter": ReactSixteenAdapter {
      "options": Object {
        "enableComponentDidUpdateOnSetState": true,
      },
    },
  },
}
`;
